../Core/Src/main.c:79:5:main	8	static
../Core/Src/main.c:160:6:SystemClock_Config	88	static
../Core/Src/main.c:214:13:MX_ADC1_Init	24	static
../Core/Src/main.c:329:13:MX_ADC2_Init	24	static
../Core/Src/main.c:444:13:MX_CAN1_Init	8	static
../Core/Src/main.c:481:13:MX_I2C1_Init	8	static
../Core/Src/main.c:515:13:MX_TIM7_Init	16	static
../Core/Src/main.c:551:13:MX_DMA_Init	16	static
../Core/Src/main.c:572:13:MX_GPIO_Init	48	static
../Core/Src/main.c:619:6:Error_Handler	4	static,ignoring_inline_asm
